MAP
	NAME basarnas
	STATUS ON
	SIZE 768 480
	EXTENT 94.973492 -11.007750 141.066985 7.033773
	SHAPEPATH "data"
	IMAGECOLOR 151 219 242
	#IMAGECOLOR 200 200 200
	UNITS DD

	PROJECTION
	  "proj=latlong"
	  "ellps=WGS84"
	  "datum=WGS84"
	END

	IMAGETYPE PNG

	SYMBOL
		NAME "Circle"
		FILLED true
		TYPE ellipse
		POINTS 1 1 END
	END
	
	SYMBOL
		NAME 'star'
		TYPE VECTOR
		FILLED TRUE
		POINTS
			0 .375
			.35 .375
			.5 0
			.65 .375
			1 .375
			.75 .625
			.875 1
			.5 .75
			.125 1
			.25 .625
		END
	END 

	WEB
		TEMPLATE "templates/browse.html"
		EMPTY "/basarnas/assets/map/templates/empty.html"
		IMAGEPATH "D:/xampp/htdocs/basarnas/assets/map/tmp/"
		IMAGEURL "/basarnas/assets/map/tmp/"
	END

	REFERENCE
		IMAGE "graphics/reference.png"
		EXTENT 94.973492 -11.007750 141.066985 7.033773
		SIZE 192 120
		STATUS ON
		COLOR -1 -1 -1
		OUTLINECOLOR 255 0 0
	END
	
	SCALEBAR
		LABEL
			COLOR 0 0 0
			ANTIALIAS true
			SIZE small
		END
		POSITION ll
		STYLE 0
		SIZE 144 5
		UNITS KILOMETERS
		INTERVALS 2
		TRANSPARENT true
		STATUS embed
		BACKGROUNDCOLOR 255 0 0
	END
	
	LEGEND
		POSITION ur
		TRANSPARENT false
		STATUS embed
		IMAGECOLOR 151 219 242
		KEYSIZE 20 10
		KEYSPACING 5 5
		LABEL
			COLOR 0 0 0
			ANTIALIAS true
			SIZE small
		END
	END
	
	 QUERYMAP
	 	STATUS ON
	 	STYLE HILITE
	 	COLOR 255 255 0
	 END

	LAYER
		GROUP "Polygon"
		NAME Batas_Negara
		TYPE POLYGON
		STATUS ON
		DATA Batas_Negara
		CLASS
			NAME "Batas Negara"
			COLOR 230 152 0
		END
		METADATA
			"DESCRIPTION" "Batas_Negara"
			"GROUP" "Polygon"
			"LAYER" "Batas_Negara"
		END
	END
	
	LAYER
		GROUP "Polygon"
		NAME Batas_Provinsi
		TYPE POLYGON
		STATUS ON
		DATA Batas_Provinsi
		LABELITEM "PROVINSI"
		CLASS
			NAME "Batas Provinsi"
			COLOR 255 235 175
			OUTLINECOLOR 255 211 127
			LABEL
				COLOR 205 170 102
				TYPE BITMAP
				SIZE MEDIUM
				POSITION CC
			END
		END
		METADATA
			"DESCRIPTION" "Batas_Provinsi"
			"GROUP" "Polygon"
			"LAYER" "Batas_Provinsi"
			qstring_validation_pattern '^[0-9]{4}$' 
		END
	END

	LAYER
		GROUP "Polygon"
		NAME Batas_Kabupaten
		TYPE POLYGON
		STATUS ON
		DATA Batas_Kabupaten
		LABELITEM "KOTA"
		TRANSPARENCY 50
		CLASS
			NAME "Batas Kabupaten"
			COLOR 255 235 175
			OUTLINECOLOR 255 211 127
			LABEL
				COLOR 205 170 102
				TYPE BITMAP
				SIZE SMALL
				POSITION CC
			END
		END
		METADATA
			"DESCRIPTION" "Batas_Kabupaten"
			"GROUP" "Polygon"
			"LAYER" "Batas_Kabupaten"
			qstring_validation_pattern '^[0-9]{4}$' 
		END
	END

	LAYER
		GROUP "Polygon"
		NAME Batas_Kecamatan
		TYPE POLYGON
		STATUS OFF
		DATA Batas_Kecamatan
		TRANSPARENCY 25
		CLASS
			NAME "Batas Kecamatan"
			COLOR 255 235 175
			OUTLINECOLOR 255 211 127
		END
		METADATA
			"DESCRIPTION" "Batas_Kecamatan"
			"GROUP" "Polygon"
			"LAYER" "Batas_Kecamatan"
		END
	END
	
	LAYER
		GROUP "Polygon"
		NAME Sungai_Besar
		TYPE POLYGON
		STATUS OFF
		DATA Sungai_Besar
		LABELITEM "NAMA"
		CLASS
			NAME "Sungai Besar"
			COLOR 115 178 255
			OUTLINECOLOR 0 112 255
			LABEL
				COLOR 0 38 115
				TYPE BITMAP
				SIZE SMALL
				POSITION CC
			END
		END
		METADATA
			"DESCRIPTION" "Sungai Besar"
			"GROUP" "Polygon"
			"LAYER" "Sungai Besar"
			qstring_validation_pattern '^[0-9]{4}$' 
		END
	END

	LAYER
		NAME Jalan_Lokal
		GROUP "Jalan Lokal"
		STATUS OFF
		DATA Jalan_Lokal
		TYPE LINE
		CLASS
			NAME "Jalan Lokal"
			STYLE
				COLOR 255 0 0
				WIDTH 0.25
			END
		END
		METADATA
			"DESCRIPTION" "Jalan Lokal"
			"GROUP" "Jalan Lokal"
			"LAYER" "Jalan Lokal"
		END
	END
	
	LAYER
		NAME Kantor_SAR
		GROUP "Annotasi"
		TYPE POINT
		DATA kansar
		STATUS ON
		LABELITEM "NAMA"
		CLASS
			NAME "Kantor SAR"
			STYLE
				SYMBOL "star"
				SIZE 15
				COLOR 0 115 76
				OUTLINECOLOR 0 115 76
			END      
			LABEL
				COLOR 0 0 0 
				TYPE BITMAP
				SIZE LARGE
				POSITION UC
			END
		END
		TEMPLATE "templates/ks.html"
		HEADER "templates/ks_header.html"
		FOOTER "templates/ks_footer.html"
		METADATA
			"DESCRIPTION" "Kantor_SAR"
			"GROUP" "Annotasi"
			"LAYER" "Kantor_SAR"
			qstring_validation_pattern '^[0-9]{6}$' 
		END
	END	

	LAYER
		NAME Pos_SAR
		GROUP "Annotasi"
		TYPE POINT
		DATA possar
		STATUS ON
		LABELITEM "NAMA"
		CLASS
			NAME "Pos SAR"
			STYLE
				SYMBOL "Circle"
				SIZE 6
				COLOR 76 230 0 
			END      
			LABEL
				COLOR 0 115 76
				TYPE BITMAP
				SIZE SMALL
				POSITION UC
			END
		END
		METADATA
			"DESCRIPTION" "Pos_SAR"
			"GROUP" "Annotasi"
			"LAYER" "Pos_SAR"
		END
	END	
END # Map File
